// Jest Snapshot v1, https://goo.gl/fbAQLP

exports[`<MenuBar /> renders correctly 1`] = `
<Menu
  inverted={true}
  size="small"
>
  <MenuItem>
    <Header
      as="h1"
      color="pink"
    >
      <Icon
        as="i"
        name="behance"
      />
      <HeaderContent>
        Search
      </HeaderContent>
    </Header>
  </MenuItem>
  <MenuMenu
    position="right"
  >
    <MenuItem>
      <Search
        getUsers={[MockFunction]}
        handleSearchTermChange={[MockFunction]}
      />
    </MenuItem>
  </MenuMenu>
</Menu>
`;
