// Jest Snapshot v1, https://goo.gl/fbAQLP

exports[`Search renders correctly 1`] = `
<Input
  action={
    Object {
      "color": "pink",
      "icon": "search",
      "onClick": [MockFunction],
    }
  }
  inverted={true}
  onChange={[MockFunction]}
  placeholder="Search Behance"
  size="large"
  type="text"
/>
`;
