// Jest Snapshot v1, https://goo.gl/fbAQLP

exports[`<UserStats /> renders correctly 1`] = `
<UserStats
  stats={
    Object {
      "appreciations": 1,
      "comments": 1,
      "followers": 1,
      "following": 1,
      "views": 1,
    }
  }
>
  <StatisticGroup
    size="mini"
    widths="five"
  >
    <div
      className="ui mini five statistics"
    >
      <Statistic
        color="red"
      >
        <div
          className="ui red statistic"
        >
          <StatisticValue>
            <div
              className="value"
            >
              1
            </div>
          </StatisticValue>
          <StatisticLabel>
            <div
              className="label"
            >
              Followers
            </div>
          </StatisticLabel>
        </div>
      </Statistic>
      <Statistic
        color="orange"
      >
        <div
          className="ui orange statistic"
        >
          <StatisticValue>
            <div
              className="value"
            >
              1
            </div>
          </StatisticValue>
          <StatisticLabel>
            <div
              className="label"
            >
              Following
            </div>
          </StatisticLabel>
        </div>
      </Statistic>
      <Statistic
        color="yellow"
      >
        <div
          className="ui yellow statistic"
        >
          <StatisticValue>
            <div
              className="value"
            >
              1
            </div>
          </StatisticValue>
          <StatisticLabel>
            <div
              className="label"
            >
              Appreciations
            </div>
          </StatisticLabel>
        </div>
      </Statistic>
      <Statistic
        color="green"
      >
        <div
          className="ui green statistic"
        >
          <StatisticValue>
            <div
              className="value"
            >
              1
            </div>
          </StatisticValue>
          <StatisticLabel>
            <div
              className="label"
            >
              Views
            </div>
          </StatisticLabel>
        </div>
      </Statistic>
      <Statistic
        color="teal"
      >
        <div
          className="ui teal statistic"
        >
          <StatisticValue>
            <div
              className="value"
            >
              1
            </div>
          </StatisticValue>
          <StatisticLabel>
            <div
              className="label"
            >
              Comments
            </div>
          </StatisticLabel>
        </div>
      </Statistic>
    </div>
  </StatisticGroup>
</UserStats>
`;
