// Jest Snapshot v1, https://goo.gl/fbAQLP

exports[`<UserProfilePreview /> renders correctly 1`] = `
<UserProfilePreview
  user={
    Object {
      "city": "Buenos Aires",
      "company": "",
      "country": "Argentina",
      "created_on": 1279082706,
      "display_name": "Matias Chilo",
      "fields": Array [
        "Design",
        "Editorial Design",
        "Graphic Design",
      ],
      "first_name": "Matias",
      "id": 193936,
      "images": Object {
        "115": "http://behance.vo.llnwd.net/profiles4/193936/115x4463cd4adf137aa218b15657eaa568b1.jpg",
        "129": "http://behance.vo.llnwd.net/profiles4/193936/129x4463cd4adf137aa218b15657eaa568b1.jpg",
        "138": "http://behance.vo.llnwd.net/profiles4/193936/4463cd4adf137aa218b15657eaa568b1.jpg",
        "32": "http://behance.vo.llnwd.net/profiles4/193936/32x4463cd4adf137aa218b15657eaa568b1.jpg",
        "50": "http://behance.vo.llnwd.net/profiles4/193936/50x4463cd4adf137aa218b15657eaa568b1.jpg",
        "78": "http://behance.vo.llnwd.net/profiles4/193936/78x4463cd4adf137aa218b15657eaa568b1.jpg",
      },
      "last_name": "Chilo",
      "occupation": "",
      "state": "",
      "stats": Object {
        "appreciations": 1,
        "comments": 1,
        "followers": 1,
        "following": 1,
        "views": 1,
      },
      "url": "http://www.behance.net/vanth",
      "username": "vanth",
    }
  }
>
  <Card
    color="pink"
  >
    <div
      className="ui pink card"
      onClick={[Function]}
    >
      <CardContent>
        <div
          className="content"
        >
          <Image
            alt="Image of vanth"
            as="img"
            floated="right"
            size="mini"
            src="http://behance.vo.llnwd.net/profiles4/193936/50x4463cd4adf137aa218b15657eaa568b1.jpg"
            ui={true}
          >
            <img
              alt="Image of vanth"
              className="ui mini right floated image"
              src="http://behance.vo.llnwd.net/profiles4/193936/50x4463cd4adf137aa218b15657eaa568b1.jpg"
            />
          </Image>
          <CardHeader>
            <div
              className="header"
            >
              Matias Chilo
            </div>
          </CardHeader>
          <CardMeta>
            <div
              className="meta"
            >
              vanth
            </div>
          </CardMeta>
        </div>
      </CardContent>
      <CardContent
        extra={true}
      >
        <div
          className="extra content"
        >
          <UserProfileModal
            user={
              Object {
                "city": "Buenos Aires",
                "company": "",
                "country": "Argentina",
                "created_on": 1279082706,
                "display_name": "Matias Chilo",
                "fields": Array [
                  "Design",
                  "Editorial Design",
                  "Graphic Design",
                ],
                "first_name": "Matias",
                "id": 193936,
                "images": Object {
                  "115": "http://behance.vo.llnwd.net/profiles4/193936/115x4463cd4adf137aa218b15657eaa568b1.jpg",
                  "129": "http://behance.vo.llnwd.net/profiles4/193936/129x4463cd4adf137aa218b15657eaa568b1.jpg",
                  "138": "http://behance.vo.llnwd.net/profiles4/193936/4463cd4adf137aa218b15657eaa568b1.jpg",
                  "32": "http://behance.vo.llnwd.net/profiles4/193936/32x4463cd4adf137aa218b15657eaa568b1.jpg",
                  "50": "http://behance.vo.llnwd.net/profiles4/193936/50x4463cd4adf137aa218b15657eaa568b1.jpg",
                  "78": "http://behance.vo.llnwd.net/profiles4/193936/78x4463cd4adf137aa218b15657eaa568b1.jpg",
                },
                "last_name": "Chilo",
                "occupation": "",
                "state": "",
                "stats": Object {
                  "appreciations": 1,
                  "comments": 1,
                  "followers": 1,
                  "following": 1,
                  "views": 1,
                },
                "url": "http://www.behance.net/vanth",
                "username": "vanth",
              }
            }
          >
            <Modal
              closeIcon={true}
              closeOnDimmerClick={true}
              closeOnDocumentClick={false}
              dimmer={true}
              eventPool="Modal"
              trigger={
                <Button
                  as="button"
                  color="pink"
                  fluid={true}
                  inverted={true}
                  role="button"
                >
                  View User
                </Button>
              }
            >
              <Portal
                className="ui page modals dimmer transition visible active"
                closeOnDocumentClick={false}
                closeOnEscape={true}
                closeOnRootNodeClick={true}
                eventPool="Modal"
                mountNode={<body />}
                onClose={[Function]}
                onMount={[Function]}
                onOpen={[Function]}
                onUnmount={[Function]}
                openOnTriggerClick={true}
                trigger={
                  <Button
                    as="button"
                    color="pink"
                    fluid={true}
                    inverted={true}
                    role="button"
                  >
                    View User
                  </Button>
                }
              >
                <Ref
                  innerRef={[Function]}
                >
                  <Button
                    as="button"
                    color="pink"
                    fluid={true}
                    inverted={true}
                    onBlur={[Function]}
                    onClick={[Function]}
                    onFocus={[Function]}
                    onMouseEnter={[Function]}
                    onMouseLeave={[Function]}
                    role="button"
                  >
                    <button
                      className="ui pink fluid inverted button"
                      onBlur={[Function]}
                      onClick={[Function]}
                      onFocus={[Function]}
                      onMouseEnter={[Function]}
                      onMouseLeave={[Function]}
                      role="button"
                    >
                      View User
                    </button>
                  </Button>
                </Ref>
              </Portal>
            </Modal>
          </UserProfileModal>
        </div>
      </CardContent>
    </div>
  </Card>
</UserProfilePreview>
`;
