// Jest Snapshot v1, https://goo.gl/fbAQLP

exports[`UserStats renders correctly 1`] = `
<StatisticGroup
  size="mini"
  widths="five"
>
  <Statistic
    color="red"
  >
    <StatisticValue>
      1
    </StatisticValue>
    <StatisticLabel
      size="mini"
    >
      Followers
    </StatisticLabel>
  </Statistic>
  <Statistic
    color="orange"
  >
    <StatisticValue>
      1
    </StatisticValue>
    <StatisticLabel>
      Following
    </StatisticLabel>
  </Statistic>
  <Statistic
    color="yellow"
  >
    <StatisticValue>
      1
    </StatisticValue>
    <StatisticLabel>
      Appreciations
    </StatisticLabel>
  </Statistic>
  <Statistic
    color="green"
  >
    <StatisticValue>
      1
    </StatisticValue>
    <StatisticLabel>
      Views
    </StatisticLabel>
  </Statistic>
  <Statistic
    color="teal"
  >
    <StatisticValue>
      1
    </StatisticValue>
    <StatisticLabel>
      Comments
    </StatisticLabel>
  </Statistic>
</StatisticGroup>
`;
