// Jest Snapshot v1, https://goo.gl/fbAQLP

exports[`UserProfileModal renders correctly 1`] = `
<Modal
  closeIcon={true}
  closeOnDimmerClick={true}
  closeOnDocumentClick={false}
  dimmer={true}
  eventPool="Modal"
  trigger={
    <Button
      as="button"
      color="pink"
      fluid={true}
      inverted={true}
      role="button"
    >
      View User
    </Button>
  }
>
  <Header
    as="h1"
    size="huge"
  >
    <Image
      as="img"
      floated="right"
      rounded={true}
      spaced="right"
      ui={true}
    />
    test-user
     (aka 
    testuser
    )
    <HeaderSubheader
      size="medium"
    >
      test co
    </HeaderSubheader>
    <HeaderSubheader
      size="medium"
    >
      somewhere
    </HeaderSubheader>
  </Header>
  <Header
    as="h1"
    size="huge"
  >
    <UserStats
      stats={
        Object {
          "appreciations": 1,
          "comments": 1,
          "followers": 1,
          "following": 1,
          "views": 1,
        }
      }
    />
  </Header>
  <Grid
    centered={true}
    columns={3}
    divided={true}
    padded={true}
  >
    <GridRow>
      <GridColumn>
        <UserProjects
          userId={1}
        />
      </GridColumn>
      <GridColumn>
        <UserWorkExperience
          username="testuser"
        />
      </GridColumn>
      <GridColumn>
        <UserFollow
          username="testuser"
        />
      </GridColumn>
    </GridRow>
  </Grid>
</Modal>
`;
