// Jest Snapshot v1, https://goo.gl/fbAQLP

exports[`UserProfilePreview renders correctly 1`] = `
<Card
  color="pink"
>
  <CardContent>
    <Image
      alt="Image of testuser"
      as="img"
      floated="right"
      size="mini"
      ui={true}
    />
    <CardHeader>
      test-user
    </CardHeader>
    <CardMeta>
      testuser
    </CardMeta>
  </CardContent>
  <CardContent
    extra={true}
  >
    <UserProfileModal
      user={
        Object {
          "display_name": "test-user",
          "id": 1,
          "images": Object {},
          "url": "https://google.com",
          "username": "testuser",
        }
      }
    />
  </CardContent>
</Card>
`;
